[codingwithprajwal.com/index.html]
[backblue.gif]
[fade.gif]
[index.html]
[codingwithprajwal.com/frontend/assets/css/bootstrap.min.css]
[codingwithprajwal.com/frontend/assets/css/classy-nav.min.css]
[codingwithprajwal.com/frontend/assets/css/owl.carousel.min.css]
[codingwithprajwal.com/frontend/assets/css/nice-select.css]
[codingwithprajwal.com/frontend/assets/css/animate.css]
[codingwithprajwal.com/frontend/assets/css/jquery-ui.min.css]
[codingwithprajwal.com/frontend/assets/css/magnific-popup.css]
[codingwithprajwal.com/frontend/assets/css/fontawesome-all.min.css]
[codingwithprajwal.com/frontend/assets/css/icofont.min.css]
[code.jquery.com/ui/1.12.1/themes/base/jquery-ui.css]
[codingwithprajwal.com/frontend/assets/css/style.css]
[pagead2.googlesyndication.com/pagead/js/f.txt]
[codingwithprajwal.com/frontend/img/core-img/logo.png]
[codingwithprajwal.com/about-us.html]
[codingwithprajwal.com/shop.html]
[codingwithprajwal.com/about-us-2.html]
[codingwithprajwal.com/faq.html]
[codingwithprajwal.com/contact.html]
[codingwithprajwal.com/login.html]
[codingwithprajwal.com/404.html]
[codingwithprajwal.com/500.html]
[codingwithprajwal.com/my-account.html]
[codingwithprajwal.com/order-list.html]
[codingwithprajwal.com/downloads.html]
[codingwithprajwal.com/addresses.html]
[codingwithprajwal.com/account-details.html]
[codingwithprajwal.com/coming-soon.html]
[codingwithprajwal.com/shop-grid-left-sidebar.html]
[codingwithprajwal.com/frontend/img/bg-img/mega-slide-2.jpg]
[codingwithprajwal.com/shop-list-left-sidebar.html]
[codingwithprajwal.com/frontend/img/bg-img/mega-slide-1.jpg]
[codingwithprajwal.com/blog-with-left-sidebar.html]
[codingwithprajwal.com/blog-with-right-sidebar.html]
[codingwithprajwal.com/blog-with-no-sidebar.html]
[codingwithprajwal.com/single-blog.html]
[codingwithprajwal.com/çontact-us.html]
[codingwithprajwal.com/wishlist.html]
[codingwithprajwal.com/compare.html]
[codingwithprajwal.com/cart.html]
[codingwithprajwal.com/checkout1]
[codingwithprajwal.com/user/auth.html]
[codingwithprajwal.com/frontend/img/default.png]
[codingwithprajwal.com/frontend/img/bg-img/7.jpg]
[codingwithprajwal.com/product-category/kids-collection.html]
[codingwithprajwal.com/frontend/img/category/cata-3.jpg]
[codingwithprajwal.com/product-category/women-collection.html]
[codingwithprajwal.com/frontend/img/category/cata-2.jpg]
[codingwithprajwal.com/product-category/craft-collection.html]
[codingwithprajwal.com/frontend/img/category/cata-1.jpg]
[codingwithprajwal.com/frontend/img/product-img/new-8.png]
[codingwithprajwal.com/product-detail/top-s-short.html]
[codingwithprajwal.com/compare-2.html]
[codingwithprajwal.com/frontend/img/product-img/new-7.png]
[codingwithprajwal.com/product-detail/fashion-dress.html]
[codingwithprajwal.com/frontend/img/product-img/new-4.png]
[codingwithprajwal.com/product-detail/silk-dress.html]
[codingwithprajwal.com/frontend/img/product-img/new-2.png]
[codingwithprajwal.com/product-detail/flower-textured-dress.html]
[codingwithprajwal.com/frontend/img/product-img/new-1-back.png]
[codingwithprajwal.com/product-detail/boutique-silk-dress.html]
[codingwithprajwal.com/frontend/img/partner-img/1.jpg]
[codingwithprajwal.com/frontend/img/partner-img/4.jpg]
[codingwithprajwal.com/frontend/img/partner-img/3.jpg]
[codingwithprajwal.com/frontend/img/partner-img/2.jpg]
[codingwithprajwal.com/frontend/img/partner-img/6.jpg]
[codingwithprajwal.com/frontend/img/partner-img/5.jpg]
[codingwithprajwal.com/frontend/img/core-img/play-store.png]
[codingwithprajwal.com/frontend/img/core-img/app-store.png]
[codingwithprajwal.com/frontend/img/payment-method/paypal.png]
[codingwithprajwal.com/frontend/img/payment-method/maestro.png]
[codingwithprajwal.com/frontend/img/payment-method/western-union.png]
[codingwithprajwal.com/frontend/img/payment-method/discover.png]
[codingwithprajwal.com/frontend/img/payment-method/american-express.png]
[codingwithprajwal.com/frontend/assets/js/jquery.min.js]
[codingwithprajwal.com/frontend/assets/js/popper.min.js]
[codingwithprajwal.com/frontend/assets/js/bootstrap.min.js]
[codingwithprajwal.com/frontend/assets/js/jquery.easing.min.js]
[codingwithprajwal.com/frontend/assets/js/classy-nav.min.js]
[codingwithprajwal.com/frontend/assets/js/owl.carousel.min.js]
[codingwithprajwal.com/frontend/assets/js/scrollup.js]
[codingwithprajwal.com/frontend/assets/js/waypoints.min.js]
[codingwithprajwal.com/frontend/assets/js/jquery.countdown.min.js]
[codingwithprajwal.com/frontend/assets/js/jquery.counterup.min.js]
[codingwithprajwal.com/frontend/assets/js/jquery-ui.min.js]
[codingwithprajwal.com/frontend/assets/js/jarallax.min.js]
[codingwithprajwal.com/frontend/assets/js/jarallax-video.min.js]
[codingwithprajwal.com/frontend/assets/js/jquery.magnific-popup.min.js]
[codingwithprajwal.com/frontend/assets/js/jquery.nice-select.min.js]
[unpkg.com/sweetalert/dist/sweetalert.min.59.delayed]
[unpkg.com/sweetalert@2.1.2/dist/sweetalert.min.js]
[code.jquery.com/ui/1.12.1/jquery-ui.js]
[codingwithprajwal.com/frontend/assets/js/wow.min.js]
[codingwithprajwal.com/frontend/assets/js/active.js]
[codingwithprajwal.com/frontend/assets/js/share.js]
[codingwithprajwal.com/frontend/assets/js/bootstrap-notify.js]
[codingwithprajwal.com/autosearch.json]
[codingwithprajwal.com/cart/delete]
[codingwithprajwal.com/cart/store]
[codingwithprajwal.com/wishlist/store]
[codingwithprajwal.com/compare/store]
[codingwithprajwal.com/index.html]
[codingwithprajwal.com/frontend/assets/css/bootstrap.min.css]
[codingwithprajwal.com/frontend/fonts/classy-fontscb9b.eot]
[codingwithprajwal.com/frontend/fonts/classy-fontscb9b.ttf]
[codingwithprajwal.com/frontend/fonts/classy-fontscb9b.woff]
[codingwithprajwal.com/frontend/fonts/classy-fontscb9b.svg]
[codingwithprajwal.com/frontend/assets/css/classy-nav.min.css]
[codingwithprajwal.com/frontend/assets/css/owl.video.play.png]
[codingwithprajwal.com/frontend/assets/css/owl.carousel.min.css]
[codingwithprajwal.com/frontend/assets/css/nice-select.css]
[codingwithprajwal.com/frontend/assets/css/animate.css]
[codingwithprajwal.com/frontend/assets/css/images/ui-icons_444444_256x240.png]
[codingwithprajwal.com/frontend/assets/css/images/ui-icons_555555_256x240.png]
[codingwithprajwal.com/frontend/assets/css/images/ui-icons_ffffff_256x240.png]
[codingwithprajwal.com/frontend/assets/css/images/ui-icons_777620_256x240.png]
[codingwithprajwal.com/frontend/assets/css/images/ui-icons_cc0000_256x240.png]
[codingwithprajwal.com/frontend/assets/css/images/ui-icons_777777_256x240.png]
[codingwithprajwal.com/frontend/assets/css/jquery-ui.min.css]
[codingwithprajwal.com/frontend/assets/css/magnific-popup.css]
[codingwithprajwal.com/frontend/assets/webfonts/fa-brands-400.eot]
[codingwithprajwal.com/frontend/assets/webfonts/fa-brands-400d41d.eot]
[codingwithprajwal.com/frontend/assets/webfonts/fa-brands-400.woff2]
[codingwithprajwal.com/frontend/assets/webfonts/fa-brands-400.woff]
[codingwithprajwal.com/frontend/assets/webfonts/fa-brands-400.ttf]
[codingwithprajwal.com/frontend/assets/webfonts/fa-brands-400.svg]
[codingwithprajwal.com/frontend/assets/webfonts/fa-regular-400.eot]
[codingwithprajwal.com/frontend/assets/webfonts/fa-regular-400d41d.eot]
[codingwithprajwal.com/frontend/assets/webfonts/fa-regular-400.woff2]
[codingwithprajwal.com/frontend/assets/webfonts/fa-regular-400.woff]
[codingwithprajwal.com/frontend/assets/webfonts/fa-regular-400.ttf]
[codingwithprajwal.com/frontend/assets/webfonts/fa-regular-400.svg]
[codingwithprajwal.com/frontend/assets/webfonts/fa-solid-900.eot]
[codingwithprajwal.com/frontend/assets/webfonts/fa-solid-900d41d.eot]
[codingwithprajwal.com/frontend/assets/webfonts/fa-solid-900.woff2]
[codingwithprajwal.com/frontend/assets/webfonts/fa-solid-900.woff]
[codingwithprajwal.com/frontend/assets/webfonts/fa-solid-900.ttf]
[codingwithprajwal.com/frontend/assets/webfonts/fa-solid-900.svg]
[codingwithprajwal.com/frontend/assets/css/fontawesome-all.min.css]
[codingwithprajwal.com/frontend/fonts/icofont.woff2]
[codingwithprajwal.com/frontend/fonts/icofont.woff]
[codingwithprajwal.com/frontend/assets/css/icofont.min.css]
[code.jquery.com/ui/1.12.1/themes/base/images/ui-icons_444444_256x240.png]
[code.jquery.com/ui/1.12.1/themes/base/images/ui-icons_555555_256x240.png]
[code.jquery.com/ui/1.12.1/themes/base/images/ui-icons_ffffff_256x240.png]
[code.jquery.com/ui/1.12.1/themes/base/images/ui-icons_777620_256x240.png]
[code.jquery.com/ui/1.12.1/themes/base/images/ui-icons_cc0000_256x240.png]
[code.jquery.com/ui/1.12.1/themes/base/images/ui-icons_777777_256x240.png]
[code.jquery.com/ui/1.12.1/themes/base/jquery-ui.css]
[codingwithprajwal.com/frontend/assets/css/style.css]
[codingwithprajwal.com/img/bg-img/deals.8a.delayed]
[codingwithprajwal.com/about-us.html]
[codingwithprajwal.com/index-2.html]
[codingwithprajwal.com/frontend/img/product-img/new-4-back.png]
[codingwithprajwal.com/product-detail/box-shape-dress.html]
[codingwithprajwal.com/frontend/img/product-img/new-5.png]
[codingwithprajwal.com/product-detail/light-dress.html]
[codingwithprajwal.com/frontend/img/product-img/new-6.png]
[codingwithprajwal.com/shop.html]
[codingwithprajwal.com/about-us-2.html]
[codingwithprajwal.com/faq.html]
[codingwithprajwal.com/contact.html]
[codingwithprajwal.com/login.html]
[codingwithprajwal.com/404.html]
[codingwithprajwal.com/500.html]
[codingwithprajwal.com/my-account.html]
[codingwithprajwal.com/order-list.html]
[codingwithprajwal.com/downloads.html]
[codingwithprajwal.com/addresses.html]
[codingwithprajwal.com/account-details.html]
[codingwithprajwal.com/coming-soon.html]
[codingwithprajwal.com/shop-grid-left-sidebar.html]
[codingwithprajwal.com/frontend/img/bg-img/mega-slide-2.html]
[codingwithprajwal.com/shop-list-left-sidebar.html]
[codingwithprajwal.com/frontend/img/bg-img/mega-slide-1.html]
[codingwithprajwal.com/blog-with-left-sidebar.html]
[codingwithprajwal.com/blog-with-right-sidebar.html]
[codingwithprajwal.com/blog-with-no-sidebar.html]
[codingwithprajwal.com/single-blog.html]
[codingwithprajwal.com/çontact-us.html]
[codingwithprajwal.com/product-detail/flower-textured-pants.html]
[codingwithprajwal.com/wishlist/move-to-cart.92.delayed]
[codingwithprajwal.com/wishlist/delete]
[codingwithprajwal.com/wishlist.html]
[codingwithprajwal.com/compare/move-to-cart]
[codingwithprajwal.com/compare/move-to-wishlist]
[codingwithprajwal.com/compare/delete]
[codingwithprajwal.com/compare.html]
[codingwithprajwal.com/cart/update]
[codingwithprajwal.com/cart.html]
[codingwithprajwal.com/user/about-us.html]
[codingwithprajwal.com/user/faq.html]
[codingwithprajwal.com/user/contact.html]
[codingwithprajwal.com/user/login.html]
[codingwithprajwal.com/user/404.html]
[codingwithprajwal.com/user/500.html]
[codingwithprajwal.com/user/my-account.html]
[codingwithprajwal.com/user/order-list.html]
[codingwithprajwal.com/user/downloads.html]
[codingwithprajwal.com/user/addresses.html]
[codingwithprajwal.com/user/account-details.html]
[codingwithprajwal.com/user/coming-soon.html]
[codingwithprajwal.com/user/shop-grid-left-sidebar.html]
[codingwithprajwal.com/user/frontend/img/bg-img/mega-slide-2.jpg]
[codingwithprajwal.com/user/shop-list-left-sidebar.html]
[codingwithprajwal.com/user/frontend/img/bg-img/mega-slide-1.jpg]
[codingwithprajwal.com/user/blog-with-left-sidebar.html]
[codingwithprajwal.com/user/blog-with-right-sidebar.html]
[codingwithprajwal.com/user/blog-with-no-sidebar.html]
[codingwithprajwal.com/user/single-blog.html]
[codingwithprajwal.com/user/auth.html]
[codingwithprajwal.com/product-category/about-us.html]
[codingwithprajwal.com/product-category/faq.html]
[codingwithprajwal.com/product-category/contact.html]
[codingwithprajwal.com/product-category/login.html]
[codingwithprajwal.com/product-category/404.html]
[codingwithprajwal.com/product-category/500.html]
[codingwithprajwal.com/product-category/my-account.html]
[codingwithprajwal.com/product-category/order-list.html]
[codingwithprajwal.com/product-category/downloads.html]
[codingwithprajwal.com/product-category/addresses.html]
[codingwithprajwal.com/product-category/account-details.html]
[codingwithprajwal.com/product-category/coming-soon.html]
[codingwithprajwal.com/product-category/shop-grid-left-sidebar.html]
[codingwithprajwal.com/product-category/frontend/img/bg-img/mega-slide-2.jpg]
[codingwithprajwal.com/product-category/shop-list-left-sidebar.html]
[codingwithprajwal.com/product-category/frontend/img/bg-img/mega-slide-1.jpg]
[codingwithprajwal.com/product-category/blog-with-left-sidebar.html]
[codingwithprajwal.com/product-category/blog-with-right-sidebar.html]
[codingwithprajwal.com/product-category/blog-with-no-sidebar.html]
[codingwithprajwal.com/product-category/single-blog.html]
[codingwithprajwal.com/product-category/img/product-img/new-1-back.png]
[codingwithprajwal.com/product-category/img/product-img/new-1.png]
[codingwithprajwal.com/product-category/wishlist.html]
[codingwithprajwal.com/product-category/compare.html]
[codingwithprajwal.com/frontend/img/loader.gif]
[codingwithprajwal.com/product-category/kids-collection.html]
[codingwithprajwal.com/product-category/women-collection.html]
[codingwithprajwal.com/product-category/craft-collection.html]
[codingwithprajwal.com/product-detail/about-us.html]
[codingwithprajwal.com/product-detail/faq.html]
[codingwithprajwal.com/product-detail/contact.html]
[codingwithprajwal.com/product-detail/login.html]
[codingwithprajwal.com/product-detail/404.html]
[codingwithprajwal.com/product-detail/500.html]
[codingwithprajwal.com/product-detail/my-account.html]
[codingwithprajwal.com/product-detail/order-list.html]
[codingwithprajwal.com/product-detail/downloads.html]
[codingwithprajwal.com/product-detail/addresses.html]
[codingwithprajwal.com/product-detail/account-details.html]
[codingwithprajwal.com/product-detail/coming-soon.html]
[codingwithprajwal.com/product-detail/shop-grid-left-sidebar.html]
[codingwithprajwal.com/product-detail/frontend/img/bg-img/mega-slide-2.jpg]
[codingwithprajwal.com/product-detail/shop-list-left-sidebar.html]
[codingwithprajwal.com/product-detail/frontend/img/bg-img/mega-slide-1.jpg]
[codingwithprajwal.com/product-detail/blog-with-left-sidebar.html]
[codingwithprajwal.com/product-detail/blog-with-right-sidebar.html]
[codingwithprajwal.com/product-detail/blog-with-no-sidebar.html]
[codingwithprajwal.com/product-detail/single-blog.html]
[codingwithprajwal.com/product-detail/img/product-img/new-1-back.png]
[codingwithprajwal.com/product-detail/img/product-img/new-1.png]
[codingwithprajwal.com/product-detail/wishlist.html]
[codingwithprajwal.com/product-detail/compare.html]
[codingwithprajwal.com/product-detail/frontend/img/product-img/new-8.png]
[codingwithprajwal.com/product-detail/top-s-short.html]
[codingwithprajwal.com/compare-2.html]
[codingwithprajwal.com/product-detail/frontend/img/product-img/new-7.png]
[codingwithprajwal.com/product-detail/fashion-dress.html]
[codingwithprajwal.com/product-detail/frontend/img/product-img/new-4.png]
[codingwithprajwal.com/product-detail/silk-dress.html]
[codingwithprajwal.com/product-detail/frontend/img/product-img/new-2.png]
[codingwithprajwal.com/product-detail/flower-textured-dress.html]
[codingwithprajwal.com/product-detail/frontend/img/product-img/new-1-back.png]
[codingwithprajwal.com/product-detail/boutique-silk-dress.html]
[codingwithprajwal.com/cart/delete.html]
[codingwithprajwal.com/cart/store.html]
[codingwithprajwal.com/wishlist/store.html]
[codingwithprajwal.com/compare/store.html]
[codingwithprajwal.com/frontend/fonts/classy-fontscb9b.html]
[codingwithprajwal.com/frontend/assets/css/owl.video.play.html]
[codingwithprajwal.com/frontend/assets/css/images/ui-icons_444444_256x240.html]
[codingwithprajwal.com/frontend/assets/css/images/ui-icons_555555_256x240.html]
[codingwithprajwal.com/frontend/assets/css/images/ui-icons_ffffff_256x240.html]
[codingwithprajwal.com/frontend/assets/css/images/ui-icons_777620_256x240.html]
[codingwithprajwal.com/frontend/assets/css/images/ui-icons_cc0000_256x240.html]
[codingwithprajwal.com/frontend/assets/css/images/ui-icons_777777_256x240.html]
[codingwithprajwal.com/frontend/assets/webfonts/fa-brands-400.html]
[codingwithprajwal.com/frontend/assets/webfonts/fa-brands-400d41d.html]
[codingwithprajwal.com/frontend/assets/webfonts/fa-brands-401.html]
[codingwithprajwal.com/frontend/assets/webfonts/fa-brands-402.html]
[codingwithprajwal.com/frontend/assets/webfonts/fa-brands-403.html]
[codingwithprajwal.com/frontend/assets/webfonts/fa-brands-404.html]
[codingwithprajwal.com/frontend/assets/webfonts/fa-regular-400.html]
[codingwithprajwal.com/frontend/assets/webfonts/fa-regular-400d41d.html]
[codingwithprajwal.com/frontend/assets/webfonts/fa-regular-401.html]
[codingwithprajwal.com/frontend/assets/webfonts/fa-regular-402.html]
[codingwithprajwal.com/frontend/assets/webfonts/fa-regular-403.html]
[codingwithprajwal.com/frontend/assets/webfonts/fa-regular-404.html]
[codingwithprajwal.com/frontend/assets/webfonts/fa-solid-900.html]
[codingwithprajwal.com/frontend/assets/webfonts/fa-solid-900d41d.html]
[codingwithprajwal.com/frontend/assets/webfonts/fa-solid-901.html]
[codingwithprajwal.com/frontend/assets/webfonts/fa-solid-902.html]
[codingwithprajwal.com/frontend/assets/webfonts/fa-solid-903.html]
[codingwithprajwal.com/frontend/assets/webfonts/fa-solid-904.html]
[codingwithprajwal.com/img/bg-img/deals.html]
[codingwithprajwal.com/index-2.html]
[codingwithprajwal.com/product-detail/frontend/img/product-img/new-4-back.png]
[codingwithprajwal.com/product-detail/box-shape-dress.html]
[codingwithprajwal.com/product-detail/frontend/img/product-img/new-5.png]
[codingwithprajwal.com/product-detail/light-dress.html]
[codingwithprajwal.com/product-detail/frontend/img/product-img/new-6.png]
[codingwithprajwal.com/product-detail/flower-textured-pants.html]
[codingwithprajwal.com/wishlist/move-to-cart.html]
[codingwithprajwal.com/wishlist/delete.html]
[codingwithprajwal.com/compare/move-to-cart.html]
[codingwithprajwal.com/compare/move-to-wishlist.html]
[codingwithprajwal.com/compare/delete.html]
[codingwithprajwal.com/cart/update.html]
[codingwithprajwal.com/user/about-us.html]
[codingwithprajwal.com/user/faq.html]
[codingwithprajwal.com/user/contact.html]
[codingwithprajwal.com/user/login.html]
[codingwithprajwal.com/user/404.html]
[codingwithprajwal.com/user/500.html]
[codingwithprajwal.com/user/my-account.html]
[codingwithprajwal.com/user/order-list.html]
[codingwithprajwal.com/user/downloads.html]
[codingwithprajwal.com/user/addresses.html]
[codingwithprajwal.com/user/account-details.html]
[codingwithprajwal.com/user/coming-soon.html]
[codingwithprajwal.com/user/shop-grid-left-sidebar.html]
[codingwithprajwal.com/user/frontend/img/bg-img/mega-slide-2.html]
[codingwithprajwal.com/user/shop-list-left-sidebar.html]
[codingwithprajwal.com/user/frontend/img/bg-img/mega-slide-1.html]
[codingwithprajwal.com/user/blog-with-left-sidebar.html]
[codingwithprajwal.com/user/blog-with-right-sidebar.html]
[codingwithprajwal.com/user/blog-with-no-sidebar.html]
[codingwithprajwal.com/user/single-blog.html]
[codingwithprajwal.com/product-category/about-us.html]
[codingwithprajwal.com/product-category/faq.html]
[codingwithprajwal.com/product-category/contact.html]
[codingwithprajwal.com/product-category/login.html]
[codingwithprajwal.com/product-category/404.html]
[codingwithprajwal.com/product-category/500.html]
[codingwithprajwal.com/product-category/my-account.html]
[codingwithprajwal.com/product-category/order-list.html]
[codingwithprajwal.com/product-category/downloads.html]
[codingwithprajwal.com/product-category/addresses.html]
[codingwithprajwal.com/product-category/account-details.html]
[codingwithprajwal.com/product-category/coming-soon.html]
[codingwithprajwal.com/product-category/shop-grid-left-sidebar.html]
[codingwithprajwal.com/product-category/frontend/img/bg-img/mega-slide-2.html]
[codingwithprajwal.com/product-category/shop-list-left-sidebar.html]
[codingwithprajwal.com/product-category/frontend/img/bg-img/mega-slide-1.html]
[codingwithprajwal.com/product-category/blog-with-left-sidebar.html]
[codingwithprajwal.com/product-category/blog-with-right-sidebar.html]
[codingwithprajwal.com/product-category/blog-with-no-sidebar.html]
[codingwithprajwal.com/product-category/single-blog.html]
[codingwithprajwal.com/product-category/img/product-img/new-1-back.html]
[codingwithprajwal.com/product-category/img/product-img/new-1.html]
[codingwithprajwal.com/product-category/wishlist.html]
[codingwithprajwal.com/product-category/compare.html]
[codingwithprajwal.com/product-detail/about-us.html]
[codingwithprajwal.com/product-detail/faq.html]
[codingwithprajwal.com/product-detail/contact.html]
[codingwithprajwal.com/product-detail/login.html]
[codingwithprajwal.com/product-detail/404.html]
[codingwithprajwal.com/product-detail/500.html]
[codingwithprajwal.com/product-detail/my-account.html]
[codingwithprajwal.com/product-detail/order-list.html]
[codingwithprajwal.com/product-detail/downloads.html]
[codingwithprajwal.com/product-detail/addresses.html]
[codingwithprajwal.com/product-detail/account-details.html]
[codingwithprajwal.com/product-detail/coming-soon.html]
[codingwithprajwal.com/product-detail/shop-grid-left-sidebar.html]
[codingwithprajwal.com/product-detail/frontend/img/bg-img/mega-slide-2.html]
[codingwithprajwal.com/product-detail/shop-list-left-sidebar.html]
[codingwithprajwal.com/product-detail/frontend/img/bg-img/mega-slide-1.html]
[codingwithprajwal.com/product-detail/blog-with-left-sidebar.html]
[codingwithprajwal.com/product-detail/blog-with-right-sidebar.html]
[codingwithprajwal.com/product-detail/blog-with-no-sidebar.html]
[codingwithprajwal.com/product-detail/single-blog.html]
[codingwithprajwal.com/product-detail/img/product-img/new-1-back.html]
[codingwithprajwal.com/product-detail/img/product-img/new-1.html]
[codingwithprajwal.com/product-detail/wishlist.html]
[codingwithprajwal.com/product-detail/compare.html]
[codingwithprajwal.com/product-detail/frontend/img/product-img/new-8.html]
[codingwithprajwal.com/product-detail/frontend/img/product-img/new-7.html]
[codingwithprajwal.com/product-detail/frontend/img/product-img/new-4.html]
[codingwithprajwal.com/product-detail/frontend/img/product-img/new-2.html]
[codingwithprajwal.com/product-detail/frontend/img/product-img/new-1-back.html]
[codingwithprajwal.com/product-detail/frontend/img/product-img/new-4-back.html]
[codingwithprajwal.com/product-detail/frontend/img/product-img/new-5.html]
[codingwithprajwal.com/product-detail/frontend/img/product-img/new-6.html]
[emart.loc/storage/photos/1/emart_bg.jpg]
