[www.wrraptheme.com/templates/lucid/html/light/index.html]
[backblue.gif]
[fade.gif]
[index.html]
[www.wrraptheme.com/templates/lucid/html/light/favicon.ico]
[www.wrraptheme.com/templates/lucid/html/assets/vendor/bootstrap/css/bootstrap.min.css]
[www.wrraptheme.com/templates/lucid/html/assets/vendor/font-awesome/css/font-awesome.min.css]
[www.wrraptheme.com/templates/lucid/html/assets/vendor/bootstrap-progressbar/css/bootstrap-progressbar-3.3.4.min.css]
[www.wrraptheme.com/templates/lucid/html/assets/vendor/chartist/css/chartist.min.css]
[www.wrraptheme.com/templates/lucid/html/assets/vendor/chartist-plugin-tooltip/chartist-plugin-tooltip.css]
[www.wrraptheme.com/templates/lucid/html/assets/vendor/toastr/toastr.min.css]
[www.wrraptheme.com/templates/lucid/html/light/assets/css/main.css]
[www.wrraptheme.com/templates/lucid/html/light/assets/css/color_skins.css]
[www.wrraptheme.com/templates/lucid/html/light/file-dashboard.html]
[www.wrraptheme.com/templates/lucid/html/light/app-calendar.html]
[www.wrraptheme.com/templates/lucid/html/light/app-chat.html]
[www.wrraptheme.com/templates/lucid/html/light/app-inbox.html]
[www.wrraptheme.com/templates/lucid/html/light/page-login.html]
[www.wrraptheme.com/templates/lucid/html/assets/images/user.png]
[www.wrraptheme.com/templates/lucid/html/light/page-profile2.html]
[www.wrraptheme.com/templates/lucid/html/light/index2.html]
[www.wrraptheme.com/templates/lucid/html/light/index3.html]
[www.wrraptheme.com/templates/lucid/html/light/index4.html]
[www.wrraptheme.com/templates/lucid/html/light/index5.html]
[www.wrraptheme.com/templates/lucid/html/light/index6.html]
[www.wrraptheme.com/templates/lucid/html/light/index7.html]
[www.wrraptheme.com/templates/lucid/html/light/index8.html]
[www.wrraptheme.com/templates/lucid/html/light/index9.html]
[www.wrraptheme.com/templates/lucid/html/light/app-contact.html]
[www.wrraptheme.com/templates/lucid/html/light/app-contact-grid.html]
[www.wrraptheme.com/templates/lucid/html/light/app-taskboard.html]
[www.wrraptheme.com/templates/lucid/html/light/file-documents.html]
[www.wrraptheme.com/templates/lucid/html/light/file-media.html]
[www.wrraptheme.com/templates/lucid/html/light/file-images.html]
[www.wrraptheme.com/templates/lucid/html/light/blog-dashboard.html]
[www.wrraptheme.com/templates/lucid/html/light/blog-post.html]
[www.wrraptheme.com/templates/lucid/html/light/blog-list.html]
[www.wrraptheme.com/templates/lucid/html/light/blog-details.html]
[www.wrraptheme.com/templates/lucid/html/light/ui-typography.html]
[www.wrraptheme.com/templates/lucid/html/light/ui-tabs.html]
[www.wrraptheme.com/templates/lucid/html/light/ui-buttons.html]
[www.wrraptheme.com/templates/lucid/html/light/ui-bootstrap.html]
[www.wrraptheme.com/templates/lucid/html/light/ui-icons.html]
[www.wrraptheme.com/templates/lucid/html/light/ui-notifications.html]
[www.wrraptheme.com/templates/lucid/html/light/ui-colors.html]
[www.wrraptheme.com/templates/lucid/html/light/ui-dialogs.html]
[www.wrraptheme.com/templates/lucid/html/light/ui-list-group.html]
[www.wrraptheme.com/templates/lucid/html/light/ui-media-object.html]
[www.wrraptheme.com/templates/lucid/html/light/ui-modals.html]
[www.wrraptheme.com/templates/lucid/html/light/ui-nestable.html]
[www.wrraptheme.com/templates/lucid/html/light/ui-progressbars.html]
[www.wrraptheme.com/templates/lucid/html/light/ui-range-sliders.html]
[www.wrraptheme.com/templates/lucid/html/light/ui-treeview.html]
[www.wrraptheme.com/templates/lucid/html/light/widgets-statistics.html]
[www.wrraptheme.com/templates/lucid/html/light/widgets-data.html]
[www.wrraptheme.com/templates/lucid/html/light/widgets-chart.html]
[www.wrraptheme.com/templates/lucid/html/light/widgets-weather.html]
[www.wrraptheme.com/templates/lucid/html/light/widgets-social.html]
[www.wrraptheme.com/templates/lucid/html/light/widgets-blog.html]
[www.wrraptheme.com/templates/lucid/html/light/widgets-ecommerce.html]
[www.wrraptheme.com/templates/lucid/html/light/page-register.html]
[www.wrraptheme.com/templates/lucid/html/light/page-lockscreen.html]
[www.wrraptheme.com/templates/lucid/html/light/page-forgot-password.html]
[www.wrraptheme.com/templates/lucid/html/light/page-404.html]
[www.wrraptheme.com/templates/lucid/html/light/page-403.html]
[www.wrraptheme.com/templates/lucid/html/light/page-500.html]
[www.wrraptheme.com/templates/lucid/html/light/page-503.html]
[www.wrraptheme.com/templates/lucid/html/light/page-blank.html]
[www.wrraptheme.com/templates/lucid/html/light/page-profile.html]
[www.wrraptheme.com/templates/lucid/html/light/page-gallery.html]
[www.wrraptheme.com/templates/lucid/html/light/page-gallery2.html]
[www.wrraptheme.com/templates/lucid/html/light/page-timeline.html]
[www.wrraptheme.com/templates/lucid/html/light/page-timeline-h.html]
[www.wrraptheme.com/templates/lucid/html/light/page-pricing.html]
[www.wrraptheme.com/templates/lucid/html/light/page-invoices.html]
[www.wrraptheme.com/templates/lucid/html/light/page-invoices2.html]
[www.wrraptheme.com/templates/lucid/html/light/page-search-results.html]
[www.wrraptheme.com/templates/lucid/html/light/page-helper-class.html]
[www.wrraptheme.com/templates/lucid/html/light/page-teams-board.html]
[www.wrraptheme.com/templates/lucid/html/light/page-projects-list.html]
[www.wrraptheme.com/templates/lucid/html/light/page-maintenance.html]
[www.wrraptheme.com/templates/lucid/html/light/page-testimonials.html]
[www.wrraptheme.com/templates/lucid/html/light/page-faq.html]
[www.wrraptheme.com/templates/lucid/html/light/forms-validation.html]
[www.wrraptheme.com/templates/lucid/html/light/forms-advanced.html]
[www.wrraptheme.com/templates/lucid/html/light/forms-basic.html]
[www.wrraptheme.com/templates/lucid/html/light/forms-wizard.html]
[www.wrraptheme.com/templates/lucid/html/light/forms-dragdropupload.html]
[www.wrraptheme.com/templates/lucid/html/light/forms-cropping.html]
[www.wrraptheme.com/templates/lucid/html/light/forms-summernote.html]
[www.wrraptheme.com/templates/lucid/html/light/forms-editors.html]
[www.wrraptheme.com/templates/lucid/html/light/forms-markdown.html]
[www.wrraptheme.com/templates/lucid/html/light/table-basic.html]
[www.wrraptheme.com/templates/lucid/html/light/table-normal.html]
[www.wrraptheme.com/templates/lucid/html/light/table-jquery-datatable.html]
[www.wrraptheme.com/templates/lucid/html/light/table-editable.html]
[www.wrraptheme.com/templates/lucid/html/light/table-color.html]
[www.wrraptheme.com/templates/lucid/html/light/table-filter.html]
[www.wrraptheme.com/templates/lucid/html/light/table-dragger.html]
[www.wrraptheme.com/templates/lucid/html/light/chart-morris.html]
[www.wrraptheme.com/templates/lucid/html/light/chart-flot.html]
[www.wrraptheme.com/templates/lucid/html/light/chart-chartjs.html]
[www.wrraptheme.com/templates/lucid/html/light/chart-jquery-knob.html]
[www.wrraptheme.com/templates/lucid/html/light/chart-sparkline.html]
[www.wrraptheme.com/templates/lucid/html/light/chart-peity.html]
[www.wrraptheme.com/templates/lucid/html/light/chart-c3.html]
[www.wrraptheme.com/templates/lucid/html/light/chart-gauges.html]
[www.wrraptheme.com/templates/lucid/html/light/map-google.html]
[www.wrraptheme.com/templates/lucid/html/light/map-yandex.html]
[www.wrraptheme.com/templates/lucid/html/light/map-jvectormap.html]
[www.wrraptheme.com/templates/lucid/html/assets/images/xs/avatar4.jpg]
[www.wrraptheme.com/templates/lucid/html/assets/images/xs/avatar5.jpg]
[www.wrraptheme.com/templates/lucid/html/assets/images/xs/avatar2.jpg]
[www.wrraptheme.com/templates/lucid/html/assets/images/xs/avatar1.jpg]
[www.wrraptheme.com/templates/lucid/html/assets/images/xs/avatar3.jpg]
[www.wrraptheme.com/templates/lucid/html/assets/images/blog/blog-page-4.jpg]
[www.wrraptheme.com/templates/lucid/html/assets/images/blog/blog-page-2.jpg]
[www.wrraptheme.com/templates/lucid/html/light/assets/bundles/libscripts.bundle.js]
[www.wrraptheme.com/templates/lucid/html/light/assets/bundles/vendorscripts.bundle.js]
[www.wrraptheme.com/templates/lucid/html/light/assets/bundles/chartist.bundle.js]
[www.wrraptheme.com/templates/lucid/html/light/assets/bundles/knob.bundle.js]
[www.wrraptheme.com/templates/lucid/html/assets/vendor/toastr/toastr.js]
[www.wrraptheme.com/templates/lucid/html/light/assets/bundles/mainscripts.bundle.js]
[www.wrraptheme.com/templates/lucid/html/light/assets/js/index.js]
[www.wrraptheme.com/templates/lucid/html/light/index.html]
[www.wrraptheme.com/templates/lucid/html/assets/vendor/bootstrap/css/bootstrap.min.css]
[www.wrraptheme.com/templates/lucid/html/assets/vendor/font-awesome/css/font-awesome.min.css]
[www.wrraptheme.com/templates/lucid/html/assets/vendor/bootstrap-progressbar/css/bootstrap-progressbar-3.3.4.min.css]
[www.wrraptheme.com/templates/lucid/html/assets/vendor/chartist/css/chartist.min.css]
[www.wrraptheme.com/templates/lucid/html/assets/vendor/chartist-plugin-tooltip/chartist-plugin-tooltip.css]
[www.wrraptheme.com/templates/lucid/html/assets/vendor/toastr/toastr.min.css]
[www.wrraptheme.com/templates/lucid/html/light/assets/fonts/simple-Line-Icons.eot]
[www.wrraptheme.com/templates/lucid/html/light/assets/fonts/simple-Line-Icons.woff]
[www.wrraptheme.com/templates/lucid/html/light/assets/fonts/simple-Line-Icons.ttf]
[www.wrraptheme.com/templates/lucid/html/light/assets/fonts/simple-Line-Icons.svg]
[www.wrraptheme.com/templates/lucid/html/light/assets/fonts/weathericons-regular-webfont.eot]
[www.wrraptheme.com/templates/lucid/html/light/assets/fonts/weathericons-regular-webfontd41d.eot]
[www.wrraptheme.com/templates/lucid/html/light/assets/fonts/weathericons-regular-webfont.woff]
[www.wrraptheme.com/templates/lucid/html/light/assets/fonts/weathericons-regular-webfont.ttf]
[www.wrraptheme.com/templates/lucid/html/light/assets/fonts/weathericons-regular-webfont.svg]
[www.wrraptheme.com/templates/lucid/html/assets/images/auth_bg.jpg]
[www.wrraptheme.com/templates/lucid/html/light/assets/css/main.css]
[www.wrraptheme.com/templates/lucid/html/light/assets/css/color_skins.css]
[www.wrraptheme.com/templates/lucid/html/assets/vendor/morrisjs/morris.css]
[www.wrraptheme.com/templates/lucid/html/light/assets/bundles/morrisscripts.bundle.js]
[www.wrraptheme.com/templates/lucid/html/light/assets/js/pages/file/filemanager.js]
[www.wrraptheme.com/templates/lucid/html/light/file-dashboard.html]
[www.wrraptheme.com/templates/lucid/html/assets/vendor/fullcalendar/fullcalendar.min.css]
[www.wrraptheme.com/templates/lucid/html/light/assets/bundles/fullcalendarscripts.bundle.js]
[www.wrraptheme.com/templates/lucid/html/assets/vendor/fullcalendar/fullcalendar.js]
[www.wrraptheme.com/templates/lucid/html/light/assets/js/pages/calendar.js]
[www.wrraptheme.com/templates/lucid/html/light/app-calendar.html]
[www.wrraptheme.com/templates/lucid/html/light/assets/css/chatapp.css]
[www.wrraptheme.com/templates/lucid/html/assets/images/xs/avatar7.jpg]
[www.wrraptheme.com/templates/lucid/html/assets/images/xs/avatar8.jpg]
[www.wrraptheme.com/templates/lucid/html/assets/images/xs/avatar9.jpg]
[www.wrraptheme.com/templates/lucid/html/light/assets/bundles/easypiechart.bundle.js]
[www.wrraptheme.com/templates/lucid/html/assets/vendor/sweetalert/sweetalert.min.js]
[www.wrraptheme.com/templates/lucid/html/light/assets/js/pages/ui/dialogs.js]
[www.wrraptheme.com/templates/lucid/html/light/app-chat.html]
[www.wrraptheme.com/templates/lucid/html/assets/vendor/sweetalert/sweetalert.css]
[www.wrraptheme.com/templates/lucid/html/light/assets/css/inbox.css]
[www.wrraptheme.com/templates/lucid/html/light/app-compose.html]
[www.wrraptheme.com/templates/lucid/html/assets/images/sm/avatar1.jpg]
[www.wrraptheme.com/templates/lucid/html/light/app-inbox.html]
[www.wrraptheme.com/templates/lucid/html/light/page-login.html]
[www.wrraptheme.com/templates/lucid/html/assets/vendor/bootstrap-datepicker/css/bootstrap-datepicker3.min.css]
[www.wrraptheme.com/templates/lucid/html/light/assets/css/blog.css]
[www.wrraptheme.com/templates/lucid/html/assets/images/blog/blog-page-1.jpg]
[www.wrraptheme.com/templates/lucid/html/light/page-profile2.html]
[www.wrraptheme.com/templates/lucid/html/assets/vendor/bootstrap-datepicker/js/bootstrap-datepicker.min.js]
[www.wrraptheme.com/templates/lucid/html/assets/vendor/jvectormap/jquery-jvectormap-2.0.3.min.css]
[www.wrraptheme.com/templates/lucid/html/assets/vendor/morrisjs/morris.min.css]
[www.wrraptheme.com/templates/lucid/html/light/assets/bundles/jvectormap.bundle.js]
[www.wrraptheme.com/templates/lucid/html/light/assets/js/widgets/infobox/infobox-1.js]
[www.wrraptheme.com/templates/lucid/html/light/assets/js/index2.js]
[www.wrraptheme.com/templates/lucid/html/light/index2.html]
[www.wrraptheme.com/templates/lucid/html/light/assets/js/index3.js]
[www.wrraptheme.com/templates/lucid/html/light/index3.html]
[www.wrraptheme.com/templates/lucid/html/light/assets/js/index4.js]
[www.wrraptheme.com/templates/lucid/html/light/index4.html]
[www.wrraptheme.com/templates/lucid/html/light/assets/js/index5.js]
[www.wrraptheme.com/templates/lucid/html/light/index5.html]
[www.wrraptheme.com/templates/lucid/html/assets/vendor/nestable/jquery-nestable.css]
[www.wrraptheme.com/templates/lucid/html/assets/images/xs/avatar10.jpg]
[www.wrraptheme.com/templates/lucid/html/assets/images/xs/avatar6.jpg]
[www.wrraptheme.com/templates/lucid/html/assets/vendor/nestable/jquery.nestable.js]
[www.wrraptheme.com/templates/lucid/html/light/assets/js/pages/ui/sortable-nestable.js]
[www.wrraptheme.com/templates/lucid/html/light/assets/js/index6.js]
[www.wrraptheme.com/templates/lucid/html/light/index6.html]
[www.wrraptheme.com/templates/lucid/html/assets/vendor/jquery-datatable/dataTables.bootstrap4.min.css]
[www.wrraptheme.com/templates/lucid/html/light/assets/bundles/datatablescripts.bundle.js]
[www.wrraptheme.com/templates/lucid/html/light/assets/js/pages/tables/jquery-datatable.js]
[www.wrraptheme.com/templates/lucid/html/light/assets/js/index7.js]
[www.wrraptheme.com/templates/lucid/html/light/index7.html]
[www.wrraptheme.com/templates/lucid/html/light/assets/js/index8.js]
[www.wrraptheme.com/templates/lucid/html/light/index8.html]
[www.wrraptheme.com/templates/lucid/html/assets/images/air-conditioner.png]
[www.wrraptheme.com/templates/lucid/html/assets/images/fridge.png]
[www.wrraptheme.com/templates/lucid/html/assets/images/washing-machine.png]
[www.wrraptheme.com/templates/lucid/html/assets/vendor/jquery-sparkline/js/jquery.sparkline.min.js]
[www.wrraptheme.com/templates/lucid/html/assets/vendor/raphael/raphael-min.js]
[www.wrraptheme.com/templates/lucid/html/light/assets/js/iot.js]
[www.wrraptheme.com/templates/lucid/html/light/index9.html]
[www.wrraptheme.com/templates/lucid/html/light/app-contact.html]
[www.wrraptheme.com/templates/lucid/html/assets/images/sm/avatar2.jpg]
[www.wrraptheme.com/templates/lucid/html/assets/images/sm/avatar3.jpg]
[www.wrraptheme.com/templates/lucid/html/assets/images/sm/avatar4.jpg]
[www.wrraptheme.com/templates/lucid/html/assets/images/sm/avatar5.jpg]
[www.wrraptheme.com/templates/lucid/html/light/app-contact-grid.html]
[www.wrraptheme.com/templates/lucid/html/light/app-taskboard.html]
[www.wrraptheme.com/templates/lucid/html/light/file-documents.html]
[www.wrraptheme.com/templates/lucid/html/light/file-media.html]
[www.wrraptheme.com/templates/lucid/html/assets/images/image-gallery/5.jpg]
[www.wrraptheme.com/templates/lucid/html/assets/images/image-gallery/8.jpg]
[www.wrraptheme.com/templates/lucid/html/assets/images/image-gallery/9.jpg]
[www.wrraptheme.com/templates/lucid/html/assets/images/image-gallery/3.jpg]
[www.wrraptheme.com/templates/lucid/html/assets/images/image-gallery/4.jpg]
[www.wrraptheme.com/templates/lucid/html/assets/images/image-gallery/1.jpg]
[www.wrraptheme.com/templates/lucid/html/assets/images/image-gallery/2.jpg]
[www.wrraptheme.com/templates/lucid/html/assets/images/image-gallery/10.jpg]
[www.wrraptheme.com/templates/lucid/html/assets/images/image-gallery/11.jpg]
[www.wrraptheme.com/templates/lucid/html/assets/images/image-gallery/12.jpg]
[www.wrraptheme.com/templates/lucid/html/assets/images/image-gallery/13.jpg]
[www.wrraptheme.com/templates/lucid/html/assets/images/image-gallery/14.jpg]
[www.wrraptheme.com/templates/lucid/html/assets/images/image-gallery/15.jpg]
[www.wrraptheme.com/templates/lucid/html/light/file-images.html]
[www.wrraptheme.com/templates/lucid/html/light/assets/js/pages/blog.js]
[www.wrraptheme.com/templates/lucid/html/light/blog-dashboard.html]
[www.wrraptheme.com/templates/lucid/html/assets/vendor/summernote/dist/summernote.css]
[www.wrraptheme.com/templates/lucid/html/light/blog-post.html]
[www.wrraptheme.com/templates/lucid/html/assets/vendor/summernote/dist/summernote.js]
[www.wrraptheme.com/templates/lucid/html/assets/images/blog/blog-page-3.jpg]
[www.wrraptheme.com/templates/lucid/html/assets/images/blog/05-img.jpg]
[www.wrraptheme.com/templates/lucid/html/assets/images/blog/06-img.jpg]
[www.wrraptheme.com/templates/lucid/html/assets/images/blog/07-img.jpg]
[www.wrraptheme.com/templates/lucid/html/assets/images/blog/08-img.jpg]
[www.wrraptheme.com/templates/lucid/html/assets/images/blog/09-img.jpg]
[www.wrraptheme.com/templates/lucid/html/assets/images/blog/10-img.jpg]
[www.wrraptheme.com/templates/lucid/html/assets/images/blog/11-img.jpg]
[www.wrraptheme.com/templates/lucid/html/assets/images/blog/12-img.jpg]
[www.wrraptheme.com/templates/lucid/html/assets/images/blog/13-img.jpg]
[www.wrraptheme.com/templates/lucid/html/light/blog-list.html]
[www.wrraptheme.com/templates/lucid/html/light/blog-details.html]
[www.wrraptheme.com/templates/lucid/html/light/ui-typography.html]
[www.wrraptheme.com/templates/lucid/html/light/ui-tabs.html]
[www.wrraptheme.com/templates/lucid/html/light/ui-buttons.html]
[www.wrraptheme.com/templates/lucid/html/light/ui-bootstrap.html]
[www.wrraptheme.com/templates/lucid/html/light/ui-icons.html]
[www.wrraptheme.com/templates/lucid/html/light/ui-notifications.html]
[www.wrraptheme.com/templates/lucid/html/light/ui-colors.html]
[www.wrraptheme.com/templates/lucid/html/light/ui-dialogs.html]
[www.wrraptheme.com/templates/lucid/html/light/ui-list-group.html]
[www.wrraptheme.com/templates/lucid/html/light/ui-media-object.html]
[www.wrraptheme.com/templates/lucid/html/assets/images/model1.jpg]
[www.wrraptheme.com/templates/lucid/html/assets/images/model2.jpg]
[www.wrraptheme.com/templates/lucid/html/assets/images/model3.jpg]
[www.wrraptheme.com/templates/lucid/html/light/ui-modals.html]
[www.wrraptheme.com/templates/lucid/html/light/ui-nestable.html]
[www.wrraptheme.com/templates/lucid/html/assets/vendor/bootstrap-progressbar/js/bootstrap-progressbar.min.js]
[www.wrraptheme.com/templates/lucid/html/light/ui-progressbars.html]
[www.wrraptheme.com/templates/lucid/html/assets/vendor/rangeslider/css/ion.rangeSlider.css]
[www.wrraptheme.com/templates/lucid/html/assets/vendor/rangeslider/css/ion.rangeSlider.skinFlat.css]
[www.wrraptheme.com/templates/lucid/html/assets/vendor/material-rangeslider/style.css]
[www.wrraptheme.com/templates/lucid/html/assets/vendor/roundslider/roundslider.min.css]
[www.wrraptheme.com/templates/lucid/html/assets/vendor/roundslider/style.css]
[www.wrraptheme.com/templates/lucid/html/assets/vendor/rangeslider/js/ion.rangeSlider.js]
[www.wrraptheme.com/templates/lucid/html/assets/vendor/roundslider/roundslider.min.js]
[www.wrraptheme.com/templates/lucid/html/light/assets/js/pages/range-sliders.js]
[www.wrraptheme.com/templates/lucid/html/assets/vendor/material-rangeslider/mrange.js]
[www.wrraptheme.com/templates/lucid/html/assets/vendor/roundslider/custom.js]
[www.wrraptheme.com/templates/lucid/html/light/ui-range-sliders.html]
[www.wrraptheme.com/templates/lucid/html/assets/vendor/bootstrap-treeview/bootstrap-treeview.min.css]
[www.wrraptheme.com/templates/lucid/html/assets/vendor/jstree/themes/default/style.min.css]
[www.wrraptheme.com/templates/lucid/html/assets/vendor/bootstrap-treeview/bootstrap-treeview.min.js]
[www.wrraptheme.com/templates/lucid/html/assets/vendor/jstree/jstree.min.js]
[www.wrraptheme.com/templates/lucid/html/light/assets/js/pages/treeview/jstree.js]
[www.wrraptheme.com/templates/lucid/html/light/assets/js/pages/treeview/bootstrap-treeview.js]
[www.wrraptheme.com/templates/lucid/html/light/ui-treeview.html]
[www.wrraptheme.com/templates/lucid/html/light/widgets-statistics.html]
[www.wrraptheme.com/templates/lucid/html/assets/images/space-ship.png]
[www.wrraptheme.com/templates/lucid/html/light/widgets-data.html]
[www.wrraptheme.com/templates/lucid/html/light/assets/bundles/flotscripts.bundle.js]
[www.wrraptheme.com/templates/lucid/html/assets/vendor/flot-charts/jquery.flot.selection.js]
[www.wrraptheme.com/templates/lucid/html/light/assets/js/pages/charts/chart-widgets.js]
[www.wrraptheme.com/templates/lucid/html/light/widgets-chart.html]
[www.wrraptheme.com/templates/lucid/html/light/widgets-weather.html]
[www.wrraptheme.com/templates/lucid/html/assets/images/lg/avatar2.jpg]
[www.wrraptheme.com/templates/lucid/html/light/widgets-social.html]
[www.wrraptheme.com/templates/lucid/html/light/widgets-blog.html]
[www.wrraptheme.com/templates/lucid/html/light/assets/css/ecommerce.css]
[www.wrraptheme.com/templates/lucid/html/assets/images/ecommerce/1.png]
[www.wrraptheme.com/templates/lucid/html/assets/images/ecommerce/wireless-red-quarter.jpg]
[www.wrraptheme.com/templates/lucid/html/assets/images/ecommerce/Canon-70-200mm.jpg]
[www.wrraptheme.com/templates/lucid/html/assets/images/ecommerce/mastercard.png]
[www.wrraptheme.com/templates/lucid/html/assets/images/ecommerce/visa-card.png]
[www.wrraptheme.com/templates/lucid/html/assets/images/ecommerce/paypal.png]
[www.wrraptheme.com/templates/lucid/html/assets/images/ecommerce/10.png]
[www.wrraptheme.com/templates/lucid/html/assets/images/ecommerce/11.png]
[www.wrraptheme.com/templates/lucid/html/assets/images/ecommerce/5.png]
[www.wrraptheme.com/templates/lucid/html/assets/images/ecommerce/2.png]
[www.wrraptheme.com/templates/lucid/html/assets/images/ecommerce/3.png]
[www.wrraptheme.com/templates/lucid/html/assets/images/ecommerce/4.png]
[www.wrraptheme.com/templates/lucid/html/light/widgets-ecommerce.html]
[www.wrraptheme.com/templates/lucid/html/light/page-register.html]
[www.wrraptheme.com/templates/lucid/html/assets/images/user-small.png]
[www.wrraptheme.com/templates/lucid/html/light/page-lockscreen.html]
[www.wrraptheme.com/templates/lucid/html/light/page-forgot-password.html]
[www.wrraptheme.com/templates/lucid/html/light/page-404.html]
[www.wrraptheme.com/templates/lucid/html/light/page-403.html]
[www.wrraptheme.com/templates/lucid/html/light/page-500.html]
[www.wrraptheme.com/templates/lucid/html/light/page-503.html]
[www.wrraptheme.com/templates/lucid/html/light/page-blank.html]
[www.wrraptheme.com/templates/lucid/html/light/page-profile.html]
[www.wrraptheme.com/templates/lucid/html/assets/images/image-gallery/6.jpg]
[www.wrraptheme.com/templates/lucid/html/assets/images/image-gallery/7.jpg]
[www.wrraptheme.com/templates/lucid/html/assets/vendor/LightboxGallery/mauGallery.min.js]
[www.wrraptheme.com/templates/lucid/html/assets/vendor/LightboxGallery/scripts.js]
[www.wrraptheme.com/templates/lucid/html/light/page-gallery.html]
[www.wrraptheme.com/templates/lucid/html/assets/vendor/light-gallery/css/lightgallery.css]
[www.wrraptheme.com/templates/lucid/html/assets/vendor/light-gallery/js/lightgallery-all.min.js]
[www.wrraptheme.com/templates/lucid/html/light/assets/js/pages/medias/image-gallery.js]
[www.wrraptheme.com/templates/lucid/html/light/page-gallery2.html]
[www.wrraptheme.com/templates/lucid/html/light/page-timeline.html]
[www.wrraptheme.com/templates/lucid/html/assets/vendor/horizontal-timeline/css/horizontal-timeline.css]
[www.wrraptheme.com/templates/lucid/html/assets/images/sm/avatar6.jpg]
[www.wrraptheme.com/templates/lucid/html/assets/vendor/horizontal-timeline/js/horizontal-timeline.js]
[www.wrraptheme.com/templates/lucid/html/light/page-timeline-h.html]
[www.wrraptheme.com/templates/lucid/html/assets/images/paper-plane.png]
[www.wrraptheme.com/templates/lucid/html/assets/images/plane.png]
[www.wrraptheme.com/templates/lucid/html/light/page-pricing.html]
[www.wrraptheme.com/templates/lucid/html/light/page-invoices.html]
[www.wrraptheme.com/templates/lucid/html/light/page-invoices2.html]
[www.wrraptheme.com/templates/lucid/html/light/page-search-results.html]
[www.wrraptheme.com/templates/lucid/html/light/page-helper-class.html]
[www.wrraptheme.com/templates/lucid/html/light/page-teams-board.html]
[www.wrraptheme.com/templates/lucid/html/light/page-projects-list.html]
[www.wrraptheme.com/templates/lucid/html/light/page-maintenance.html]
[www.wrraptheme.com/templates/lucid/html/light/page-testimonials.html]
[www.wrraptheme.com/templates/lucid/html/light/page-faq.html]
[www.wrraptheme.com/templates/lucid/html/assets/vendor/bootstrap-multiselect/bootstrap-multiselect.css]
[www.wrraptheme.com/templates/lucid/html/assets/vendor/parsleyjs/css/parsley.css]
[www.wrraptheme.com/templates/lucid/html/assets/vendor/bootstrap-multiselect/bootstrap-multiselect.js]
[www.wrraptheme.com/templates/lucid/html/light/forms-validation.html]
[www.wrraptheme.com/templates/lucid/html/assets/vendor/parsleyjs/js/parsley.min.js]
[www.wrraptheme.com/templates/lucid/html/assets/vendor/bootstrap-colorpicker/css/bootstrap-colorpicker.css]
[www.wrraptheme.com/templates/lucid/html/assets/vendor/multi-select/css/multi-select.css]
[www.wrraptheme.com/templates/lucid/html/assets/vendor/bootstrap-tagsinput/bootstrap-tagsinput.css]
[www.wrraptheme.com/templates/lucid/html/assets/vendor/nouislider/nouislider.min.css]
[www.wrraptheme.com/templates/lucid/html/assets/vendor/select2/select2.css]
[www.wrraptheme.com/templates/lucid/html/assets/vendor/bootstrap-colorpicker/js/bootstrap-colorpicker.js]
[www.wrraptheme.com/templates/lucid/html/assets/vendor/jquery-inputmask/jquery.inputmask.bundle.js]
[www.wrraptheme.com/templates/lucid/html/assets/vendor/jquery.maskedinput/jquery.maskedinput.min.js]
[www.wrraptheme.com/templates/lucid/html/assets/vendor/multi-select/js/jquery.multi-select.js]
[www.wrraptheme.com/templates/lucid/html/assets/vendor/bootstrap-tagsinput/bootstrap-tagsinput.js]
[www.wrraptheme.com/templates/lucid/html/assets/vendor/nouislider/nouislider.js]
[www.wrraptheme.com/templates/lucid/html/assets/vendor/select2/select2.min.js]
[www.wrraptheme.com/templates/lucid/html/light/assets/js/pages/forms/advanced-form-elements.js]
[www.wrraptheme.com/templates/lucid/html/light/forms-advanced.html]
[www.wrraptheme.com/templates/lucid/html/light/forms-basic.html]
[www.wrraptheme.com/templates/lucid/html/assets/vendor/jquery-validation/jquery.validate.js]
[www.wrraptheme.com/templates/lucid/html/assets/vendor/jquery-steps/jquery.steps.js]
[www.wrraptheme.com/templates/lucid/html/light/assets/js/pages/forms/form-wizard.js]
[www.wrraptheme.com/templates/lucid/html/light/forms-wizard.html]
[www.wrraptheme.com/templates/lucid/html/assets/vendor/dropify/css/dropify.min.css]
[www.wrraptheme.com/templates/lucid/html/assets/vendor/dropify/js/dropify.min.js]
[www.wrraptheme.com/templates/lucid/html/light/assets/js/pages/forms/dropify.js]
[www.wrraptheme.com/templates/lucid/html/light/forms-dragdropupload.html]
[www.wrraptheme.com/templates/lucid/html/assets/vendor/cropper/cropper.min.css]
[www.wrraptheme.com/templates/lucid/html/assets/vendor/cropper/cropper.min.js]
[www.wrraptheme.com/templates/lucid/html/assets/vendor/cropper/cropper-init.js]
[www.wrraptheme.com/templates/lucid/html/light/forms-cropping.html]
[www.wrraptheme.com/templates/lucid/html/light/forms-summernote.html]
[www.wrraptheme.com/templates/lucid/html/light/assets/js/pages/forms/editors.js]
[www.wrraptheme.com/templates/lucid/html/light/forms-editors.html]
[www.wrraptheme.com/templates/lucid/html/assets/vendor/ckeditor/ckeditor.js]
[www.wrraptheme.com/templates/lucid/html/assets/vendor/bootstrap-markdown/bootstrap-markdown.min.css]
[www.wrraptheme.com/templates/lucid/html/assets/vendor/markdown/markdown.js]
[www.wrraptheme.com/templates/lucid/html/assets/vendor/to-markdown/to-markdown.js]
[www.wrraptheme.com/templates/lucid/html/light/forms-markdown.html]
[www.wrraptheme.com/templates/lucid/html/assets/vendor/bootstrap-markdown/bootstrap-markdown.js]
[www.wrraptheme.com/templates/lucid/html/light/table-basic.html]
[www.wrraptheme.com/templates/lucid/html/light/table-normal.html]
[www.wrraptheme.com/templates/lucid/html/assets/vendor/jquery-datatable/fixedeader/dataTables.fixedcolumns.bootstrap4.min.css]
[www.wrraptheme.com/templates/lucid/html/assets/vendor/jquery-datatable/fixedeader/dataTables.fixedheader.bootstrap4.min.css]
[www.wrraptheme.com/templates/lucid/html/assets/images/details_open.png]
[www.wrraptheme.com/templates/lucid/html/assets/images/details_close.png]
[www.wrraptheme.com/templates/lucid/html/assets/vendor/jquery-datatable/buttons/dataTables.buttons.min.js]
[www.wrraptheme.com/templates/lucid/html/assets/vendor/jquery-datatable/buttons/buttons.bootstrap4.min.js]
[www.wrraptheme.com/templates/lucid/html/assets/vendor/jquery-datatable/buttons/buttons.colVis.min.js]
[www.wrraptheme.com/templates/lucid/html/assets/vendor/jquery-datatable/buttons/buttons.html5.min.js]
[www.wrraptheme.com/templates/lucid/html/assets/vendor/jquery-datatable/buttons/buttons.print.min.js]
[www.wrraptheme.com/templates/lucid/html/light/table-jquery-datatable.html]
[www.wrraptheme.com/templates/lucid/html/assets/vendor/editable-table/mindmup-editabletable.js]
[www.wrraptheme.com/templates/lucid/html/light/assets/js/pages/tables/editable-table.js]
[www.wrraptheme.com/templates/lucid/html/light/table-editable.html]
[www.wrraptheme.com/templates/lucid/html/light/table-color.html]
[www.wrraptheme.com/templates/lucid/html/light/table-filter.html]
[www.wrraptheme.com/templates/lucid/html/assets/vendor/table-dragger/table-dragger.min.css]
[www.wrraptheme.com/templates/lucid/html/light/table-dragger.html]
[www.wrraptheme.com/templates/lucid/html/assets/vendor/table-dragger/table-dragger.min.js]
[www.wrraptheme.com/templates/lucid/html/light/assets/js/pages/charts/morris.js]
[www.wrraptheme.com/templates/lucid/html/light/chart-morris.html]
[www.wrraptheme.com/templates/lucid/html/assets/vendor/flot-charts/jquery.flot.time.js]
[www.wrraptheme.com/templates/lucid/html/light/chart-flot.html]
[www.wrraptheme.com/templates/lucid/html/light/assets/js/pages/charts/flot.js]
[www.wrraptheme.com/templates/lucid/html/assets/vendor/chartist/polar_area_chart.js]
[www.wrraptheme.com/templates/lucid/html/light/assets/js/pages/charts/chartjs.js]
[www.wrraptheme.com/templates/lucid/html/light/chart-chartjs.html]
[www.wrraptheme.com/templates/lucid/html/assets/vendor/jquery-knob/jquery.knob.min.js]
[www.wrraptheme.com/templates/lucid/html/light/assets/js/pages/charts/jquery-knob.js]
[www.wrraptheme.com/templates/lucid/html/light/chart-jquery-knob.html]
[www.wrraptheme.com/templates/lucid/html/light/assets/js/pages/charts/sparkline.js]
[www.wrraptheme.com/templates/lucid/html/light/chart-sparkline.html]
[www.wrraptheme.com/templates/lucid/html/light/assets/js/pages/charts/peity_chart.js]
[www.wrraptheme.com/templates/lucid/html/light/chart-peity.html]
[www.wrraptheme.com/templates/lucid/html/light/assets/bundles/c3.bundle.js]
[www.wrraptheme.com/templates/lucid/html/light/assets/js/pages/chart/c3.js]
[www.wrraptheme.com/templates/lucid/html/light/chart-c3.html]
[www.wrraptheme.com/templates/lucid/html/assets/vendor/gauge/gauge.min.js]
[www.wrraptheme.com/templates/lucid/html/light/assets/js/pages/chart/gauge.js]
[www.wrraptheme.com/templates/lucid/html/light/chart-gauges.html]
[www.wrraptheme.com/templates/lucid/html/assets/vendor/gmaps/gmaps.js]
[www.wrraptheme.com/templates/lucid/html/light/assets/js/pages/maps/google.js]
[www.wrraptheme.com/templates/lucid/html/light/map-google.html]
[www.wrraptheme.com/templates/lucid/html/light/map-yandex.html]
[www.wrraptheme.com/templates/lucid/html/assets/vendor/jvectormap/jquery-jvectormap-2.0.3.css]
[www.wrraptheme.com/templates/lucid/html/assets/vendor/jvectormap/jquery-jvectormap-world-mill-en.js]
[www.wrraptheme.com/templates/lucid/html/assets/vendor/jvectormap/jquery-jvectormap-in-mill.js]
[www.wrraptheme.com/templates/lucid/html/assets/vendor/jvectormap/jquery-jvectormap-us-aea-en.js]
[www.wrraptheme.com/templates/lucid/html/assets/vendor/jvectormap/jquery-jvectormap-uk-mill-en.js]
[www.wrraptheme.com/templates/lucid/html/assets/vendor/jvectormap/jquery-jvectormap-au-mill.js]
[www.wrraptheme.com/templates/lucid/html/light/assets/js/pages/maps/jvectormap.js]
[www.wrraptheme.com/templates/lucid/html/light/map-jvectormap.html]
[www.wrraptheme.com/templates/lucid/html/light/assets/fonts/simple-Line-Icons.svg]
[www.wrraptheme.com/templates/lucid/html/light/assets/fonts/weathericons-regular-webfont.svg]
[www.wrraptheme.com/templates/lucid/html/light/assets/img/weather_img.html]
[www.wrraptheme.com/templates/lucid/html/assets/vendor/morrisjs/morris.css]
[www.wrraptheme.com/templates/lucid/html/assets/vendor/fullcalendar/fullcalendar.min.css]
[www.wrraptheme.com/templates/lucid/html/light/assets/css/chatapp.css]
[www.wrraptheme.com/templates/lucid/html/assets/vendor/sweetalert/sweetalert.css]
[www.wrraptheme.com/templates/lucid/html/light/assets/css/inbox.css]
[www.wrraptheme.com/templates/lucid/html/light/app-compose.html]
[www.wrraptheme.com/templates/lucid/html/assets/vendor/bootstrap-datepicker/css/bootstrap-datepicker3.min.css]
[www.wrraptheme.com/templates/lucid/html/light/assets/css/blog.css]
[www.wrraptheme.com/templates/lucid/html/assets/vendor/jvectormap/jquery-jvectormap-2.0.3.min.css]
[www.wrraptheme.com/templates/lucid/html/assets/vendor/morrisjs/morris.min.css]
[www.wrraptheme.com/templates/lucid/html/assets/vendor/nestable/jquery-nestable.css]
[www.wrraptheme.com/templates/lucid/html/assets/vendor/jquery-datatable/dataTables.bootstrap4.min.css]
[www.wrraptheme.com/templates/lucid/html/assets/vendor/summernote/dist/font/summernotef534.eot]
[www.wrraptheme.com/templates/lucid/html/assets/vendor/summernote/dist/font/summernoted41d.eot]
[www.wrraptheme.com/templates/lucid/html/assets/vendor/summernote/dist/font/summernotef534.woff]
[www.wrraptheme.com/templates/lucid/html/assets/vendor/summernote/dist/font/summernotef534.ttf]
[www.wrraptheme.com/templates/lucid/html/assets/vendor/summernote/dist/summernote.css]
[www.wrraptheme.com/templates/lucid/html/assets/vendor/rangeslider/css/ion.rangeSlider.css]
[www.wrraptheme.com/templates/lucid/html/assets/vendor/rangeslider/img/sprite-skin-flat.png]
[www.wrraptheme.com/templates/lucid/html/assets/vendor/rangeslider/css/ion.rangeSlider.skinFlat.css]
[www.wrraptheme.com/templates/lucid/html/assets/vendor/material-rangeslider/style.css]
[www.wrraptheme.com/templates/lucid/html/assets/vendor/roundslider/roundslider.min.css]
[www.wrraptheme.com/templates/lucid/html/assets/vendor/roundslider/style.css]
[www.wrraptheme.com/templates/lucid/html/assets/vendor/bootstrap-treeview/bootstrap-treeview.min.css]
[www.wrraptheme.com/templates/lucid/html/assets/vendor/jstree/themes/default/style.min.css]
[www.wrraptheme.com/templates/lucid/html/light/assets/css/ecommerce.css]
[www.wrraptheme.com/templates/lucid/html/light/ec-product-detail.html]
[www.wrraptheme.com/templates/lucid/html/assets/vendor/light-gallery/img/vimeo-play.png]
[www.wrraptheme.com/templates/lucid/html/assets/vendor/light-gallery/img/video-play.png]
[www.wrraptheme.com/templates/lucid/html/assets/vendor/light-gallery/img/youtube-play.png]
[www.wrraptheme.com/templates/lucid/html/assets/vendor/light-gallery/img/loading.gif]
[www.wrraptheme.com/templates/lucid/html/assets/vendor/light-gallery/css/lightgallery.css]
[www.wrraptheme.com/templates/lucid/html/assets/vendor/horizontal-timeline/css/horizontal-timeline.css]
[www.wrraptheme.com/templates/lucid/html/assets/vendor/bootstrap-multiselect/bootstrap-multiselect.css]
[www.wrraptheme.com/templates/lucid/html/assets/vendor/parsleyjs/css/parsley.css]
[www.wrraptheme.com/templates/lucid/html/assets/vendor/bootstrap-colorpicker/img/bootstrap-colorpicker/saturation.png]
[www.wrraptheme.com/templates/lucid/html/assets/vendor/bootstrap-colorpicker/img/bootstrap-colorpicker/hue.png]
[www.wrraptheme.com/templates/lucid/html/assets/vendor/bootstrap-colorpicker/img/bootstrap-colorpicker/alpha.png]
[www.wrraptheme.com/templates/lucid/html/assets/vendor/bootstrap-colorpicker/img/bootstrap-colorpicker/hue-horizontal.png]
[www.wrraptheme.com/templates/lucid/html/assets/vendor/bootstrap-colorpicker/img/bootstrap-colorpicker/alpha-horizontal.png]
[www.wrraptheme.com/templates/lucid/html/assets/vendor/bootstrap-colorpicker/css/bootstrap-colorpicker.css]
[www.wrraptheme.com/templates/lucid/html/assets/vendor/multi-select/img/switch.png]
[www.wrraptheme.com/templates/lucid/html/assets/vendor/multi-select/css/multi-select.css]
[www.wrraptheme.com/templates/lucid/html/assets/vendor/bootstrap-tagsinput/bootstrap-tagsinput.css]
[www.wrraptheme.com/templates/lucid/html/assets/vendor/nouislider/nouislider.min.css]
[www.wrraptheme.com/templates/lucid/html/assets/vendor/select2/select2.png]
[www.wrraptheme.com/templates/lucid/html/assets/vendor/select2/select2-spinner.gif]
[www.wrraptheme.com/templates/lucid/html/assets/vendor/select2/select2x2.png]
[www.wrraptheme.com/templates/lucid/html/assets/vendor/select2/select2.css]
[www.wrraptheme.com/templates/lucid/html/assets/vendor/dropify/css/dropify.min.css]
[www.wrraptheme.com/templates/lucid/html/assets/vendor/cropper/cropper.min.css]
[www.wrraptheme.com/templates/lucid/html/light/cropped.html]
[www.wrraptheme.com/templates/lucid/html/assets/vendor/bootstrap-markdown/bootstrap-markdown.min.css]
[www.wrraptheme.com/templates/lucid/html/assets/vendor/jquery-datatable/fixedeader/dataTables.fixedcolumns.bootstrap4.min.css]
[www.wrraptheme.com/templates/lucid/html/assets/vendor/jquery-datatable/fixedeader/dataTables.fixedheader.bootstrap4.min.css]
[www.wrraptheme.com/templates/lucid/html/assets/vendor/table-dragger/table-dragger.min.css]
[www.wrraptheme.com/templates/lucid/html/assets/vendor/charts-c3/plugin.html]
[www.wrraptheme.com/templates/lucid/html/assets/vendor/jvectormap/jquery-jvectormap-2.0.3.css]
